../Core/Src/main.c:213:5:main	32	static
../Core/Src/main.c:326:6:SystemClock_Config	88	static
../Core/Src/main.c:368:13:MX_ADC1_Init	24	static
../Core/Src/main.c:420:13:MX_I2C1_Init	8	static
../Core/Src/main.c:454:13:MX_TIM1_Init	96	static
../Core/Src/main.c:528:13:MX_TIM2_Init	56	static
../Core/Src/main.c:577:13:MX_TIM3_Init	56	static
../Core/Src/main.c:626:13:MX_TIM4_Init	32	static
../Core/Src/main.c:674:13:MX_TIM8_Init	96	static
../Core/Src/main.c:752:13:MX_USART3_UART_Init	8	static
../Core/Src/main.c:785:13:MX_GPIO_Init	48	static
../Core/Src/main.c:838:6:stop	4	static
../Core/Src/main.c:846:6:forward	8	static
../Core/Src/main.c:870:6:reverse	8	static
../Core/Src/main.c:891:6:servomotor_right	16	static
../Core/Src/main.c:903:6:servomotor_center	16	static
../Core/Src/main.c:919:6:servomotor_left	16	static
../Core/Src/main.c:931:6:right_turn	16	static
../Core/Src/main.c:958:6:left_turn	16	static
../Core/Src/main.c:986:6:gyroInit	8	static
../Core/Src/main.c:1012:6:writeByte	24	static
../Core/Src/main.c:1019:6:readByte	24	static
../Core/Src/main.c:1028:6:delay_us	16	static
../Core/Src/main.c:1035:6:HAL_TIM_IC_CaptureCallback	16	static
../Core/Src/main.c:1074:6:HCSR04_Read	8	static
../Core/Src/main.c:1097:6:StartDefaultTask	16	static
../Core/Src/main.c:1115:6:motorA	208	static
../Core/Src/main.c:1253:6:encoder	56	static
../Core/Src/main.c:1349:6:gyro_task	64	static
../Core/Src/main.c:1414:6:ultrasonic_task	72	static
../Core/Src/main.c:1498:6:show_task	40	static
../Core/Src/main.c:1526:6:Error_Handler	4	static,ignoring_inline_asm
