../Core/Src/../../PeripheralDriver/Src/oled.c:8:6:OLED_Refresh_Gram	16	static
../Core/Src/../../PeripheralDriver/Src/oled.c:20:6:OLED_WR_Byte	24	static
../Core/Src/../../PeripheralDriver/Src/oled.c:43:6:OLED_Clear	16	static
../Core/Src/../../PeripheralDriver/Src/oled.c:53:6:OLED_Display_On	8	static
../Core/Src/../../PeripheralDriver/Src/oled.c:62:6:OLED_Display_Off	8	static
../Core/Src/../../PeripheralDriver/Src/oled.c:72:6:OLED_DrawPoint	24	static
../Core/Src/../../PeripheralDriver/Src/oled.c:85:6:OLED_ShowChar	32	static
../Core/Src/../../PeripheralDriver/Src/oled.c:110:10:oled_pow	24	static
../Core/Src/../../PeripheralDriver/Src/oled.c:120:6:OLED_ShowNumber	40	static
../Core/Src/../../PeripheralDriver/Src/oled.c:142:6:OLED_ShowString	24	static
../Core/Src/../../PeripheralDriver/Src/oled.c:156:6:OLED_Init	8	static
../Core/Src/main.c:294:5:main	8	static
../Core/Src/main.c:410:6:SystemClock_Config	88	static
../Core/Src/main.c:452:13:MX_ADC1_Init	24	static
../Core/Src/main.c:504:13:MX_ADC2_Init	24	static
../Core/Src/main.c:556:13:MX_I2C1_Init	8	static
../Core/Src/main.c:590:13:MX_TIM1_Init	96	static
../Core/Src/main.c:664:13:MX_TIM2_Init	56	static
../Core/Src/main.c:713:13:MX_TIM3_Init	56	static
../Core/Src/main.c:762:13:MX_TIM4_Init	48	static
../Core/Src/main.c:820:13:MX_TIM8_Init	96	static
../Core/Src/main.c:898:13:MX_USART3_UART_Init	8	static
../Core/Src/main.c:931:13:MX_GPIO_Init	48	static
../Core/Src/main.c:968:6:stop	4	static
../Core/Src/main.c:975:6:forward	8	static
../Core/Src/main.c:994:6:forward2	8	static
../Core/Src/main.c:1017:6:reverse	8	static
../Core/Src/main.c:1037:6:fullLeftForward	16	static
../Core/Src/main.c:1048:6:fullRightForward	16	static
../Core/Src/main.c:1059:6:fullRightReverse	16	static
../Core/Src/main.c:1069:6:fullLeftReverse	16	static
../Core/Src/main.c:1083:6:tightRightTurn	24	static
../Core/Src/main.c:1100:6:tightRightTurn2	8	static
../Core/Src/main.c:1120:6:tightLeftTurn	24	static
../Core/Src/main.c:1137:6:tightLeftTurn2	8	static
../Core/Src/main.c:1155:6:tight2LeftTurn	16	static
../Core/Src/main.c:1172:6:tight2RightTurn	16	static
../Core/Src/main.c:1190:6:tightreverseLeftTurn	8	static
../Core/Src/main.c:1203:6:tightreverseLeftTurn2	8	static
../Core/Src/main.c:1226:6:tightreverseRightTurn	8	static
../Core/Src/main.c:1247:6:tightreverseRightTurn2	8	static
../Core/Src/main.c:1267:6:gyroforward	8	static
../Core/Src/main.c:1284:6:putTwenty	8	static
../Core/Src/main.c:1297:6:putTen	8	static
../Core/Src/main.c:1312:6:forward_motor_prep	8	static
../Core/Src/main.c:1321:6:backward_motor_prep	8	static
../Core/Src/main.c:1329:6:servomotor_center	16	static
../Core/Src/main.c:1345:6:servomotor_left	16	static
../Core/Src/main.c:1357:6:servomotor_right	16	static
../Core/Src/main.c:1369:6:servomotor_set	16	static
../Core/Src/main.c:1383:6:move	128	static
../Core/Src/main.c:1510:6:right_turn	16	static
../Core/Src/main.c:1548:6:left_turn	16	static
../Core/Src/main.c:1605:6:right_turnb	16	static
../Core/Src/main.c:1644:6:left_turnb	16	static
../Core/Src/main.c:1705:6:gyroInit	8	static
../Core/Src/main.c:1731:6:HAL_UART_RxCpltCallback	24	static
../Core/Src/main.c:1766:6:state_controller	56	static
../Core/Src/main.c:1806:6:writeByte	24	static
../Core/Src/main.c:1813:6:readByte	24	static
../Core/Src/main.c:1822:6:delay_us	16	static
../Core/Src/main.c:1829:6:HAL_TIM_IC_CaptureCallback	16	static
../Core/Src/main.c:1868:6:HCSR04_Read	8	static
../Core/Src/main.c:1876:6:left_irRead	16	static
../Core/Src/main.c:1892:6:right_irRead	16	static
../Core/Src/main.c:1916:6:StartDefaultTask	40	static
../Core/Src/main.c:2541:6:Show	24	static
../Core/Src/main.c:2567:6:Motor	264	static
../Core/Src/main.c:2693:6:encoder_task	72	static
../Core/Src/main.c:2782:6:motorTwo	16	static
../Core/Src/main.c:2800:6:servomotor	16	static
../Core/Src/main.c:2818:6:encoder_Task2	16	static
../Core/Src/main.c:2836:6:Ultrasonicsensor	48	static
../Core/Src/main.c:2898:6:Gyroscopetask	64	static
../Core/Src/main.c:2967:6:PID	16	static
../Core/Src/main.c:2982:6:Error_Handler	4	static,ignoring_inline_asm
